// Jest Snapshot v1, https://goo.gl/fbAQLP

exports[`withDispatchOnUpdate HOC renders children correctly 1`] = `
<div>
  I am a parent!
  <span>
    I am a child!
  </span>
</div>
`;
